2026-08-02 18:32:14 | ======================================================================
2026-08-02 18:32:14 | BERT 属性级情感分类——开始训练
2026-08-02 18:32:14 | ======================================================================
2026-08-02 18:32:14 | [设备] 使用 cpu 训练（当前无 GPU，使用 CPU）
2026-08-02 18:32:14 | [属性] ['质量', '做工', '价格', '物流', '服务', '包装', '描述', '外观']
2026-08-02 18:32:14 | [标签] 共 16 个：['质量好', '做工好', '价格好', '物流好', '服务好', '包装好', '描述好', '外观好', '质量坏', '做工坏', '价格坏', '物流坏', '服务坏', '包装坏', '描述坏', '外观坏']
2026-08-02 18:32:14 | [超参] epochs=4 batch_size=16 lr=3e-05 max_len=64 pos_weight_clamp=8.0
2026-08-02 18:32:14 | [冒烟测试] 已限制样本数（前 2000 条）
2026-08-02 18:32:14 | [数据] 训练集 2000 条 | 验证集 1445 条 | 测试集 1445 条
2026-08-02 18:32:16 | [模型] 参数量：102.3M（可训练 102.3M）
2026-08-02 18:32:16 | [损失函数] BCE + pos_weight（16 个标签的 pos_weight 见下）
2026-08-02 18:32:16 |     质量好   : 正样本   486 条, pos_weight=3.12
2026-08-02 18:32:16 |     做工好   : 正样本    17 条, pos_weight=8.00
2026-08-02 18:32:16 |     价格好   : 正样本   518 条, pos_weight=2.86
2026-08-02 18:32:16 |     物流好   : 正样本   166 条, pos_weight=8.00
2026-08-02 18:32:16 |     服务好   : 正样本    51 条, pos_weight=8.00
2026-08-02 18:32:16 |     包装好   : 正样本   191 条, pos_weight=8.00
2026-08-02 18:32:16 |     描述好   : 正样本    22 条, pos_weight=8.00
2026-08-02 18:32:16 |     外观好   : 正样本   391 条, pos_weight=4.12
2026-08-02 18:32:16 |     质量坏   : 正样本    94 条, pos_weight=8.00
2026-08-02 18:32:16 |     做工坏   : 正样本    41 条, pos_weight=8.00
2026-08-02 18:32:16 |     价格坏   : 正样本    69 条, pos_weight=8.00
2026-08-02 18:32:16 |     物流坏   : 正样本    11 条, pos_weight=8.00
2026-08-02 18:32:16 |     服务坏   : 正样本    12 条, pos_weight=8.00
2026-08-02 18:32:16 |     包装坏   : 正样本    81 条, pos_weight=8.00
2026-08-02 18:32:16 |     描述坏   : 正样本    35 条, pos_weight=8.00
2026-08-02 18:32:16 |     外观坏   : 正样本    26 条, pos_weight=8.00
2026-08-02 18:32:16 | 
[开始训练] 共 4 轮，批大小 16，学习率 3e-05
2026-08-02 18:42:48 | [Epoch 1] 训练损失 0.5857 | 耗时 542s | lr 2.50e-05 | 验证 整体ACC 0.9030 / 提及ACC 0.7333 / 三类宏F1 0.5415
2026-08-02 18:42:49 |   -> 新最优模型（验证三类宏F1 = 0.5415）
2026-08-02 18:53:46 | [Epoch 2] 训练损失 0.2890 | 耗时 564s | lr 1.67e-05 | 验证 整体ACC 0.9298 / 提及ACC 0.8045 / 三类宏F1 0.6908
2026-08-02 18:53:47 |   -> 新最优模型（验证三类宏F1 = 0.6908）
2026-08-02 19:03:40 | [Epoch 3] 训练损失 0.1970 | 耗时 504s | lr 8.33e-06 | 验证 整体ACC 0.9420 / 提及ACC 0.8282 / 三类宏F1 0.7399
2026-08-02 19:03:41 |   -> 新最优模型（验证三类宏F1 = 0.7399）
2026-08-02 19:13:37 | [Epoch 4] 训练损失 0.1547 | 耗时 505s | lr 0.00e+00 | 验证 整体ACC 0.9496 / 提及ACC 0.8282 / 三类宏F1 0.7602
2026-08-02 19:13:37 |   -> 新最优模型（验证三类宏F1 = 0.7602）
2026-08-02 19:13:37 | 
[阈值调优] 加载验证集最优模型（第 4 轮），在验证集上为每个属性搜索最优判定阈值 ...
2026-08-02 19:15:18 |     属性 质量: 好阈值=0.80，坏阈值=0.70
2026-08-02 19:15:18 |     属性 做工: 好阈值=0.40，坏阈值=0.60
2026-08-02 19:15:18 |     属性 价格: 好阈值=0.50，坏阈值=0.80
2026-08-02 19:15:18 |     属性 物流: 好阈值=0.80，坏阈值=0.70
2026-08-02 19:15:18 |     属性 服务: 好阈值=0.50，坏阈值=0.70
2026-08-02 19:15:18 |     属性 包装: 好阈值=0.70，坏阈值=0.70
2026-08-02 19:15:18 |     属性 描述: 好阈值=0.40，坏阈值=0.40
2026-08-02 19:15:18 |     属性 外观: 好阈值=0.70，坏阈值=0.40
2026-08-02 19:15:18 | [验证集·调优阈值] 整体ACC 0.9588 | 提及ACC 0.7989 | 三类宏F1 0.7903 | 宏F1(16标签) 0.6971
2026-08-02 19:15:18 | 
[测试评估] 使用验证集最优模型 + 调优阈值 ...
2026-08-02 19:16:47 | [测试集指标]
    整体属性准确率 aspect_acc        : 0.9580
    提及属性准确率 mentioned_acc     : 0.7981
    好/坏/未提及 三类宏平均F1        : 0.7664
    16标签 micro 精确率/召回率/F1    : 0.8692 / 0.7981 / 0.8321
    16标签 macro 精确率/召回率/F1    : 0.7064 / 0.6414 / 0.6617
    Hamming Loss                    : 0.0225
2026-08-02 19:16:47 | [日志] 训练过程已写入：C:\workspace\DeepLearn\product-sentiment-plus\product-sentiment-ai\models\bert\common\results\train_log.csv
2026-08-02 19:16:47 | [指标] 测试集指标已写入：C:\workspace\DeepLearn\product-sentiment-plus\product-sentiment-ai\models\bert\common\results\test_metrics.json
2026-08-02 19:16:47 | [标签] 标签列表已写入：C:\workspace\DeepLearn\product-sentiment-plus\product-sentiment-ai\models\bert\common\results\labels.txt
2026-08-02 19:16:47 | 
[预测样例]
2026-08-02 19:16:47 | 
[训练完成] 最佳验证三类宏F1 = 0.7602（第 4 轮），测试整体属性准确率 = 0.9580
